------------------------------------------------------------
Timing Analyzer Summary
------------------------------------------------------------

Type  : Slow 1100mV 100C Model Setup 'FPGA_CLK1_50'
Slack : -6.669
TNS   : -263.937

Type  : Slow 1100mV 100C Model Hold 'FPGA_CLK1_50'
Slack : 0.414
TNS   : 0.000

Type  : Slow 1100mV 100C Model Minimum Pulse Width 'FPGA_CLK1_50'
Slack : -2.225
TNS   : -76.486

Type  : Slow 1100mV -40C Model Setup 'FPGA_CLK1_50'
Slack : -7.049
TNS   : -254.252

Type  : Slow 1100mV -40C Model Hold 'FPGA_CLK1_50'
Slack : 0.435
TNS   : 0.000

Type  : Slow 1100mV -40C Model Minimum Pulse Width 'FPGA_CLK1_50'
Slack : -2.225
TNS   : -78.542

Type  : Fast 1100mV 100C Model Setup 'FPGA_CLK1_50'
Slack : -2.524
TNS   : -92.457

Type  : Fast 1100mV 100C Model Hold 'FPGA_CLK1_50'
Slack : 0.201
TNS   : 0.000

Type  : Fast 1100mV 100C Model Minimum Pulse Width 'FPGA_CLK1_50'
Slack : -1.702
TNS   : -20.941

Type  : Fast 1100mV -40C Model Setup 'FPGA_CLK1_50'
Slack : -2.302
TNS   : -70.850

Type  : Fast 1100mV -40C Model Hold 'FPGA_CLK1_50'
Slack : 0.181
TNS   : 0.000

Type  : Fast 1100mV -40C Model Minimum Pulse Width 'FPGA_CLK1_50'
Slack : -1.702
TNS   : -21.269

------------------------------------------------------------
